test_files/data11.input: Non-ISO extended-ASCII text
