test_files/data9.input: very short file (no magic)
