test_files/data7.input: Unicode text, UTF-16, little-endian text, with no line terminators
