test_files/data3.input: Non-ISO extended-ASCII text
