test_files/utf8_5.input: Unicode text, UTF-8 text
