test_files/utf8_12.input: Unicode text, UTF-8 text
