test_files/utf8_10.input: Unicode text, UTF-8 text
