test_files/utf8_7.input: Unicode text, UTF-8 text
