test_files/utf8_3.input: Unicode text, UTF-8 text
