test_files/utf8_6.input: Unicode text, UTF-8 text
