test_files/utf8_8.input: Unicode text, UTF-8 text
