test_files/utf8_9.input: Unicode text, UTF-8 text
