test_files/utf8_1.input: Unicode text, UTF-8 text
