test_files/utf8_11.input: Unicode text, UTF-8 text
