test_files/utf8_2.input: Unicode text, UTF-8 text
