test_files/utf8_4.input: Unicode text, UTF-8 text
